// Jest Snapshot v1, https://goo.gl/fbAQLP

exports[`MacroPlugin Hooks should handle load properly 1`] = `"export function hello(msg) {console.log(msg)}"`;

exports[`MacroPlugin Hooks should handle load properly 2`] = `"export {}"`;

exports[`MacroPlugin Hooks should handle transform with macro 1`] = `"import { hello } from '@helper';hello('world');"`;

exports[`MacroPlugin should support to be consumed 1`] = `
Object {
  "exports": Object {
    "macros": Object {
      "@echo": Array [
        Macro { "name": "echo", "__types": "" },
      ],
    },
    "modules": Object {
      "@helper": "export function hello(msg) {console.log(msg)}",
    },
    "types": Object {},
  },
  "options": Object {
    "filter": Object {},
    "transformer": Object {},
    "typeRenderer": Object {
      "typesPath": "",
    },
  },
}
`;
