// Jest Snapshot v1, https://goo.gl/fbAQLP

exports[`plugin() should load properly 1`] = `"export function hello(msg) {console.log(msg)}"`;

exports[`plugin() should load properly 2`] = `"export {}"`;

exports[`plugin() should transform with macro 1`] = `"import { hello } from '@helper';hello('world');"`;

exports[`renderTypes() should work 1`] = `
"declare module '@test' {
  type B = string
  type A = string
  /** just test **/
  export function test(): void
}
"
`;
