// Jest Snapshot v1, https://goo.gl/fbAQLP

exports[`normalizeExports() should work 1`] = `
Object {
  "macros": Object {
    "@macros": Array [
      Macro { "name": "macro", "__types": "  export function macro(): void" },
    ],
  },
  "modules": Object {
    "@module": "export const a = 1",
  },
  "types": Object {
    "@macros": Object {
      "macroScope": Array [
        "  export function macro(): void",
      ],
      "moduleScope": Array [
        "type A = string",
      ],
    },
    "@module": Object {
      "macroScope": Array [],
      "moduleScope": Array [
        "export const a:number",
      ],
    },
  },
}
`;
