// Jest Snapshot v1, https://goo.gl/fbAQLP

exports[`transformer should not transform normal function calls 1`] = `
"


{
  const a = () => {};
  a();
}"
`;

exports[`transformer should not transform normal function calls 2`] = `
"


{
  const ns = {};
  ns.a();
}"
`;

exports[`transformer should recollect imported macros every loop 1`] = `"console.log('hello world');"`;

exports[`transformer should work 1`] = `"import '@echo';console.log(\\"yeah yeah yeah\\");"`;
